<html>
<body>
<pre>
<h1>µVision Build Log</h1>
<h2>Project:</h2>
C:\Users\Asus\Desktop\Studia\PPSW\ADC\Potencjometr.uvproj
Project File Date:  06/12/2025

<h2>Output:</h2>
Rebuild target 'Target 1'
assembling Startup.s...
compiling keyboard.c...
compiling led.c...
compiling main.c...
main.c(7): warning:  #223-D: function "UART_InitWithInt" declared implicitly
compiling servo.c...
compiling timer_interrupts.c...
compiling adc.c...
compiling uart.c...
compiling string_op.c...
linking...
Program Size: Code=3820 RO-data=32 RW-data=12 ZI-data=1308  
FromELF: creating hex file...
".\Potencjometr.axf" - 0 Errors, 1 Warning(s).
Rebuild target 'Target 1'
assembling Startup.s...
compiling keyboard.c...
compiling led.c...
compiling main.c...
compiling servo.c...
compiling timer_interrupts.c...
compiling adc.c...
compiling uart.c...
compiling string_op.c...
linking...
Program Size: Code=2472 RO-data=32 RW-data=12 ZI-data=1268  
FromELF: creating hex file...
".\Potencjometr.axf" - 0 Errors, 0 Warning(s).
Rebuild target 'Target 1'
assembling Startup.s...
compiling keyboard.c...
compiling led.c...
compiling main.c...
compiling servo.c...
compiling timer_interrupts.c...
compiling adc.c...
compiling uart.c...
compiling string_op.c...
linking...
Program Size: Code=2468 RO-data=32 RW-data=12 ZI-data=1268  
FromELF: creating hex file...
".\Potencjometr.axf" - 0 Errors, 0 Warning(s).
Rebuild target 'Target 1'
assembling Startup.s...
compiling keyboard.c...
compiling led.c...
compiling main.c...
compiling servo.c...
compiling timer_interrupts.c...
compiling adc.c...
compiling uart.c...
compiling string_op.c...
linking...
Program Size: Code=2488 RO-data=32 RW-data=12 ZI-data=1268  
FromELF: creating hex file...
".\Potencjometr.axf" - 0 Errors, 0 Warning(s).
Rebuild target 'Target 1'
assembling Startup.s...
compiling keyboard.c...
compiling led.c...
compiling main.c...
compiling servo.c...
compiling timer_interrupts.c...
compiling adc.c...
compiling uart.c...
compiling string_op.c...
linking...
Program Size: Code=2488 RO-data=32 RW-data=12 ZI-data=1268  
FromELF: creating hex file...
".\Potencjometr.axf" - 0 Errors, 0 Warning(s).
Rebuild target 'Target 1'
assembling Startup.s...
compiling keyboard.c...
compiling led.c...
compiling main.c...
compiling servo.c...
compiling timer_interrupts.c...
compiling adc.c...
compiling uart.c...
compiling string_op.c...
linking...
Program Size: Code=2488 RO-data=32 RW-data=12 ZI-data=1268  
FromELF: creating hex file...
".\Potencjometr.axf" - 0 Errors, 0 Warning(s).
Rebuild target 'Target 1'
assembling Startup.s...
compiling keyboard.c...
compiling led.c...
compiling main.c...
compiling servo.c...
compiling timer_interrupts.c...
compiling adc.c...
compiling uart.c...
compiling string_op.c...
linking...
Program Size: Code=2488 RO-data=32 RW-data=12 ZI-data=1268  
FromELF: creating hex file...
".\Potencjometr.axf" - 0 Errors, 0 Warning(s).
Clean started: Project: 'Potencjometr'
   deleting intermediate output files for target 'Target 1'
