<html>
<body>
<pre>
<h1>µVision Build Log</h1>
<h2>Project:</h2>
C:\Users\Asus\Desktop\Studia\PPSW\Wysylanie\Current\Wysylanie.uvproj
Project File Date:  06/05/2025

<h2>Output:</h2>
Rebuild target 'Target 1'
assembling Startup.s...
compiling command_decoder.c...
compiling led.c...
compiling main.c...
compiling servo.c...
compiling string_op.c...
compiling timer_interrupts.c...
compiling uart.c...
linking...
.\Wysylanie.axf: Error: L6218E: Undefined symbol main (referred from rtentry2.o).
".\Wysylanie.axf" - 1 Errors, 0 Warning(s).
Target not created
Rebuild target 'Target 1'
assembling Startup.s...
compiling command_decoder.c...
compiling led.c...
compiling main.c...
main.c(10): warning:  #1-D: last line of file ends without a newline
compiling servo.c...
compiling string_op.c...
compiling timer_interrupts.c...
compiling uart.c...
linking...
.\Wysylanie.axf: Error: L6218E: Undefined symbol main (referred from rtentry2.o).
".\Wysylanie.axf" - 1 Errors, 1 Warning(s).
Target not created
Rebuild target 'Target 1'
assembling Startup.s...
compiling command_decoder.c...
compiling led.c...
compiling main.c...
main.c(12): warning:  #1-D: last line of file ends without a newline
compiling servo.c...
compiling string_op.c...
compiling timer_interrupts.c...
compiling uart.c...
linking...
.\Wysylanie.axf: Error: L6218E: Undefined symbol main (referred from rtentry2.o).
".\Wysylanie.axf" - 1 Errors, 1 Warning(s).
Target not created
Rebuild target 'Target 1'
assembling Startup.s...
compiling command_decoder.c...
compiling led.c...
compiling main.c...
main.c(25): warning:  #1-D: last line of file ends without a newline
compiling servo.c...
compiling string_op.c...
compiling timer_interrupts.c...
compiling uart.c...
linking...
.\Wysylanie.axf: Error: L6218E: Undefined symbol main (referred from rtentry2.o).
".\Wysylanie.axf" - 1 Errors, 1 Warning(s).
Target not created
Rebuild target 'Target 1'
assembling Startup.s...
compiling command_decoder.c...
compiling led.c...
compiling main.c...
compiling servo.c...
compiling string_op.c...
compiling timer_interrupts.c...
compiling uart.c...
linking...
.\Wysylanie.axf: Error: L6218E: Undefined symbol main (referred from rtentry2.o).
".\Wysylanie.axf" - 1 Errors, 0 Warning(s).
Target not created
Rebuild target 'Target 1'
assembling Startup.s...
compiling command_decoder.c...
compiling led.c...
compiling main.c...
compiling servo.c...
compiling string_op.c...
compiling timer_interrupts.c...
compiling uart.c...
linking...
.\Wysylanie.axf: Error: L6218E: Undefined symbol main (referred from rtentry2.o).
".\Wysylanie.axf" - 1 Errors, 0 Warning(s).
Target not created
Rebuild target 'Target 1'
assembling Startup.s...
compiling command_decoder.c...
compiling led.c...
compiling main.c...
compiling servo.c...
compiling string_op.c...
compiling timer_interrupts.c...
compiling uart.c...
linking...
.\Wysylanie.axf: Error: L6218E: Undefined symbol main (referred from rtentry2.o).
".\Wysylanie.axf" - 1 Errors, 0 Warning(s).
Target not created
Rebuild target 'Target 1'
assembling Startup.s...
compiling command_decoder.c...
compiling led.c...
compiling main.c...
main.c(31): warning:  #1-D: last line of file ends without a newline
compiling servo.c...
compiling string_op.c...
compiling timer_interrupts.c...
compiling uart.c...
linking...
.\Wysylanie.axf: Error: L6218E: Undefined symbol main (referred from rtentry2.o).
".\Wysylanie.axf" - 1 Errors, 1 Warning(s).
Target not created
Rebuild target 'Target 1'
assembling Startup.s...
compiling command_decoder.c...
compiling led.c...
compiling main.c...
main.c(31): warning:  #1-D: last line of file ends without a newline
compiling servo.c...
compiling string_op.c...
compiling timer_interrupts.c...
compiling uart.c...
linking...
.\Wysylanie.axf: Error: L6218E: Undefined symbol main (referred from rtentry2.o).
".\Wysylanie.axf" - 1 Errors, 1 Warning(s).
Target not created
Rebuild target 'Target 1'
assembling Startup.s...
compiling command_decoder.c...
compiling led.c...
compiling main.c...
compiling servo.c...
compiling string_op.c...
compiling timer_interrupts.c...
compiling uart.c...
linking...
.\Wysylanie.axf: Error: L6218E: Undefined symbol main (referred from rtentry2.o).
".\Wysylanie.axf" - 1 Errors, 0 Warning(s).
Target not created
Rebuild target 'Target 1'
assembling Startup.s...
compiling command_decoder.c...
compiling led.c...
compiling main.c...
compiling servo.c...
compiling string_op.c...
compiling timer_interrupts.c...
compiling uart.c...
linking...
.\Wysylanie.axf: Error: L6218E: Undefined symbol main (referred from rtentry2.o).
".\Wysylanie.axf" - 1 Errors, 0 Warning(s).
Target not created
Rebuild target 'Target 1'
assembling Startup.s...
compiling command_decoder.c...
compiling led.c...
compiling main.c...
compiling servo.c...
compiling string_op.c...
compiling timer_interrupts.c...
compiling uart.c...
linking...
.\Wysylanie.axf: Error: L6218E: Undefined symbol main (referred from rtentry2.o).
".\Wysylanie.axf" - 1 Errors, 0 Warning(s).
Target not created
Rebuild target 'Target 1'
assembling Startup.s...
compiling command_decoder.c...
compiling led.c...
compiling main.c...
main.c(37): error: At end of source:  #65: expected a ";"
compiling servo.c...
compiling string_op.c...
string_op.c(35): warning:  #167-D: argument of type "char *" is incompatible with parameter of type "unsigned char *"
string_op.c(35): warning:  #167-D: argument of type "char *" is incompatible with parameter of type "unsigned char *"
compiling timer_interrupts.c...
compiling uart.c...
uart.c(96): warning:  #167-D: argument of type "char *" is incompatible with parameter of type "unsigned char *"
uart.c(96): warning:  #167-D: argument of type "char *" is incompatible with parameter of type "unsigned char *"
".\Wysylanie.axf" - 1 Errors, 4 Warning(s).
Target not created
Rebuild target 'Target 1'
assembling Startup.s...
compiling command_decoder.c...
compiling led.c...
compiling main.c...
main.c(37): error: At end of source:  #65: expected a ";"
compiling servo.c...
compiling string_op.c...
string_op.c(35): warning:  #167-D: argument of type "char *" is incompatible with parameter of type "unsigned char *"
string_op.c(35): warning:  #167-D: argument of type "char *" is incompatible with parameter of type "unsigned char *"
compiling timer_interrupts.c...
compiling uart.c...
uart.c(96): warning:  #167-D: argument of type "char *" is incompatible with parameter of type "unsigned char *"
uart.c(96): warning:  #167-D: argument of type "char *" is incompatible with parameter of type "unsigned char *"
".\Wysylanie.axf" - 1 Errors, 4 Warning(s).
Target not created
Rebuild target 'Target 1'
assembling Startup.s...
compiling command_decoder.c...
compiling led.c...
compiling main.c...
main.c(37): error: At end of source:  #65: expected a ";"
compiling servo.c...
compiling string_op.c...
string_op.c(4): error:  #147-D: declaration is incompatible with "void CopyString(unsigned char *, unsigned char *)" (declared at line 1 of "string_op.h")
compiling timer_interrupts.c...
compiling uart.c...
uart.c(96): warning:  #167-D: argument of type "char *" is incompatible with parameter of type "unsigned char *"
uart.c(96): warning:  #167-D: argument of type "char *" is incompatible with parameter of type "unsigned char *"
".\Wysylanie.axf" - 2 Errors, 2 Warning(s).
Target not created
Rebuild target 'Target 1'
assembling Startup.s...
compiling command_decoder.c...
compiling led.c...
compiling main.c...
main.c(31): warning:  #167-D: argument of type "char *" is incompatible with parameter of type "unsigned char *"
main.c(31): warning:  #167-D: argument of type "char *" is incompatible with parameter of type "unsigned char *"
main.c(37): error: At end of source:  #65: expected a ";"
compiling servo.c...
compiling string_op.c...
string_op.c(4): error:  #147-D: declaration is incompatible with "void CopyString(unsigned char *, unsigned char *)" (declared at line 1 of "string_op.h")
compiling timer_interrupts.c...
compiling uart.c...
uart.c(96): warning:  #167-D: argument of type "char *" is incompatible with parameter of type "unsigned char *"
uart.c(96): warning:  #167-D: argument of type "char *" is incompatible with parameter of type "unsigned char *"
".\Wysylanie.axf" - 2 Errors, 4 Warning(s).
Target not created
Rebuild target 'Target 1'
assembling Startup.s...
compiling command_decoder.c...
compiling led.c...
compiling main.c...
main.c(31): warning:  #167-D: argument of type "char *" is incompatible with parameter of type "unsigned char *"
main.c(31): warning:  #167-D: argument of type "char *" is incompatible with parameter of type "unsigned char *"
main.c(37): error: At end of source:  #65: expected a ";"
compiling servo.c...
compiling string_op.c...
string_op.c(4): error:  #147-D: declaration is incompatible with "void CopyString(unsigned char *, unsigned char *)" (declared at line 1 of "string_op.h")
compiling timer_interrupts.c...
compiling uart.c...
uart.c(96): warning:  #167-D: argument of type "char *" is incompatible with parameter of type "unsigned char *"
uart.c(96): warning:  #167-D: argument of type "char *" is incompatible with parameter of type "unsigned char *"
".\Wysylanie.axf" - 2 Errors, 4 Warning(s).
Target not created
Rebuild target 'Target 1'
assembling Startup.s...
compiling command_decoder.c...
compiling led.c...
compiling main.c...
main.c(37): error: At end of source:  #65: expected a ";"
compiling servo.c...
compiling string_op.c...
compiling timer_interrupts.c...
compiling uart.c...
".\Wysylanie.axf" - 1 Errors, 0 Warning(s).
Target not created
Rebuild target 'Target 1'
assembling Startup.s...
compiling command_decoder.c...
compiling led.c...
compiling main.c...
compiling servo.c...
compiling string_op.c...
compiling timer_interrupts.c...
compiling uart.c...
linking...
.\Wysylanie.axf: Error: L6218E: Undefined symbol main (referred from rtentry2.o).
".\Wysylanie.axf" - 1 Errors, 0 Warning(s).
Target not created
Rebuild target 'Target 1'
assembling Startup.s...
compiling command_decoder.c...
compiling led.c...
compiling main.c...
compiling servo.c...
compiling string_op.c...
compiling timer_interrupts.c...
compiling uart.c...
linking...
.\Wysylanie.axf: Error: L6218E: Undefined symbol main (referred from rtentry2.o).
".\Wysylanie.axf" - 1 Errors, 0 Warning(s).
Target not created
Rebuild target 'Target 1'
assembling Startup.s...
compiling command_decoder.c...
compiling led.c...
compiling main.c...
compiling servo.c...
compiling string_op.c...
compiling timer_interrupts.c...
compiling uart.c...
linking...
Program Size: Code=1496 RO-data=16 RW-data=0 ZI-data=1272  
FromELF: creating hex file...
".\Wysylanie.axf" - 0 Errors, 0 Warning(s).
Rebuild target 'Target 1'
assembling Startup.s...
compiling command_decoder.c...
compiling led.c...
compiling main.c...
compiling servo.c...
compiling string_op.c...
compiling timer_interrupts.c...
compiling uart.c...
linking...
Program Size: Code=1496 RO-data=16 RW-data=0 ZI-data=1272  
FromELF: creating hex file...
".\Wysylanie.axf" - 0 Errors, 0 Warning(s).
Rebuild target 'Target 1'
assembling Startup.s...
compiling command_decoder.c...
compiling led.c...
compiling main.c...
compiling servo.c...
compiling string_op.c...
compiling timer_interrupts.c...
compiling uart.c...
linking...
Program Size: Code=1496 RO-data=16 RW-data=0 ZI-data=1272  
FromELF: creating hex file...
".\Wysylanie.axf" - 0 Errors, 0 Warning(s).
Rebuild target 'Target 1'
assembling Startup.s...
compiling command_decoder.c...
compiling led.c...
compiling main.c...
compiling servo.c...
compiling string_op.c...
compiling timer_interrupts.c...
compiling uart.c...
linking...
Program Size: Code=2344 RO-data=16 RW-data=0 ZI-data=1288  
FromELF: creating hex file...
".\Wysylanie.axf" - 0 Errors, 0 Warning(s).
Rebuild target 'Target 1'
assembling Startup.s...
compiling command_decoder.c...
compiling led.c...
compiling main.c...
compiling servo.c...
compiling string_op.c...
compiling timer_interrupts.c...
compiling uart.c...
uart.c(41): error:  #29: expected an expression
uart.c(41): error:  #65: expected a ";"
".\Wysylanie.axf" - 2 Errors, 0 Warning(s).
Target not created
Rebuild target 'Target 1'
assembling Startup.s...
compiling command_decoder.c...
compiling led.c...
compiling main.c...
compiling servo.c...
compiling string_op.c...
compiling timer_interrupts.c...
compiling uart.c...
linking...
Program Size: Code=2436 RO-data=32 RW-data=4 ZI-data=1284  
FromELF: creating hex file...
".\Wysylanie.axf" - 0 Errors, 0 Warning(s).
Rebuild target 'Target 1'
assembling Startup.s...
compiling command_decoder.c...
compiling led.c...
compiling main.c...
compiling servo.c...
compiling string_op.c...
compiling timer_interrupts.c...
compiling uart.c...
linking...
Program Size: Code=2436 RO-data=32 RW-data=4 ZI-data=1284  
FromELF: creating hex file...
".\Wysylanie.axf" - 0 Errors, 0 Warning(s).
Rebuild target 'Target 1'
assembling Startup.s...
compiling command_decoder.c...
compiling led.c...
compiling main.c...
compiling servo.c...
compiling string_op.c...
compiling timer_interrupts.c...
compiling uart.c...
linking...
Program Size: Code=2428 RO-data=32 RW-data=4 ZI-data=1284  
FromELF: creating hex file...
".\Wysylanie.axf" - 0 Errors, 0 Warning(s).
Rebuild target 'Target 1'
assembling Startup.s...
compiling command_decoder.c...
compiling led.c...
compiling main.c...
compiling servo.c...
compiling string_op.c...
compiling timer_interrupts.c...
compiling uart.c...
linking...
Program Size: Code=2412 RO-data=32 RW-data=4 ZI-data=1284  
FromELF: creating hex file...
".\Wysylanie.axf" - 0 Errors, 0 Warning(s).
Rebuild target 'Target 1'
assembling Startup.s...
compiling command_decoder.c...
compiling led.c...
compiling main.c...
compiling servo.c...
compiling string_op.c...
compiling timer_interrupts.c...
compiling uart.c...
linking...
Program Size: Code=2320 RO-data=16 RW-data=0 ZI-data=1288  
FromELF: creating hex file...
".\Wysylanie.axf" - 0 Errors, 0 Warning(s).
Rebuild target 'Target 1'
assembling Startup.s...
compiling command_decoder.c...
compiling led.c...
compiling main.c...
compiling servo.c...
compiling string_op.c...
compiling timer_interrupts.c...
compiling uart.c...
linking...
Program Size: Code=2336 RO-data=16 RW-data=0 ZI-data=1288  
FromELF: creating hex file...
".\Wysylanie.axf" - 0 Errors, 0 Warning(s).
Rebuild target 'Target 1'
assembling Startup.s...
compiling command_decoder.c...
compiling led.c...
compiling main.c...
compiling servo.c...
compiling string_op.c...
compiling timer_interrupts.c...
compiling uart.c...
linking...
Program Size: Code=2336 RO-data=16 RW-data=0 ZI-data=1288  
FromELF: creating hex file...
".\Wysylanie.axf" - 0 Errors, 0 Warning(s).
Rebuild target 'Target 1'
assembling Startup.s...
compiling command_decoder.c...
compiling led.c...
compiling main.c...
compiling servo.c...
compiling string_op.c...
compiling timer_interrupts.c...
compiling uart.c...
linking...
Program Size: Code=2360 RO-data=16 RW-data=0 ZI-data=1288  
FromELF: creating hex file...
".\Wysylanie.axf" - 0 Errors, 0 Warning(s).
Rebuild target 'Target 1'
assembling Startup.s...
compiling command_decoder.c...
compiling led.c...
compiling main.c...
compiling servo.c...
compiling string_op.c...
compiling timer_interrupts.c...
compiling uart.c...
linking...
Program Size: Code=2384 RO-data=16 RW-data=0 ZI-data=1288  
FromELF: creating hex file...
".\Wysylanie.axf" - 0 Errors, 0 Warning(s).
Rebuild target 'Target 1'
assembling Startup.s...
compiling command_decoder.c...
compiling led.c...
compiling main.c...
compiling servo.c...
compiling string_op.c...
compiling timer_interrupts.c...
compiling uart.c...
linking...
Program Size: Code=2392 RO-data=16 RW-data=0 ZI-data=1288  
FromELF: creating hex file...
".\Wysylanie.axf" - 0 Errors, 0 Warning(s).
Rebuild target 'Target 1'
assembling Startup.s...
compiling command_decoder.c...
compiling led.c...
compiling main.c...
compiling servo.c...
compiling string_op.c...
compiling timer_interrupts.c...
compiling uart.c...
uart.c(43): error:  #125: expected a "("
uart.c(43): error:  #29: expected an expression
uart.c(43): error:  #18: expected a ")"
uart.c(43): error:  #127: expected a statement
".\Wysylanie.axf" - 4 Errors, 0 Warning(s).
Target not created
Rebuild target 'Target 1'
assembling Startup.s...
compiling command_decoder.c...
compiling led.c...
compiling main.c...
main.c(13): warning:  #223-D: function "Transmiter_SendString" declared implicitly
compiling servo.c...
compiling string_op.c...
compiling timer_interrupts.c...
compiling uart.c...
linking...
Program Size: Code=2360 RO-data=16 RW-data=0 ZI-data=1288  
FromELF: creating hex file...
".\Wysylanie.axf" - 0 Errors, 1 Warning(s).
Rebuild target 'Target 1'
assembling Startup.s...
compiling command_decoder.c...
compiling led.c...
compiling main.c...
compiling servo.c...
compiling string_op.c...
compiling timer_interrupts.c...
compiling uart.c...
linking...
Program Size: Code=2360 RO-data=16 RW-data=0 ZI-data=1288  
FromELF: creating hex file...
".\Wysylanie.axf" - 0 Errors, 0 Warning(s).
Rebuild target 'Target 1'
assembling Startup.s...
compiling command_decoder.c...
compiling led.c...
compiling main.c...
compiling servo.c...
compiling string_op.c...
compiling timer_interrupts.c...
compiling uart.c...
linking...
Program Size: Code=2360 RO-data=16 RW-data=0 ZI-data=1288  
FromELF: creating hex file...
".\Wysylanie.axf" - 0 Errors, 0 Warning(s).
Rebuild target 'Target 1'
assembling Startup.s...
compiling command_decoder.c...
compiling led.c...
compiling main.c...
compiling servo.c...
compiling string_op.c...
compiling timer_interrupts.c...
compiling uart.c...
uart.c(81): error:  #29: expected an expression
".\Wysylanie.axf" - 1 Errors, 0 Warning(s).
Target not created
Rebuild target 'Target 1'
assembling Startup.s...
compiling command_decoder.c...
compiling led.c...
compiling main.c...
compiling servo.c...
compiling string_op.c...
compiling timer_interrupts.c...
compiling uart.c...
linking...
Program Size: Code=2464 RO-data=16 RW-data=0 ZI-data=1288  
FromELF: creating hex file...
".\Wysylanie.axf" - 0 Errors, 0 Warning(s).
Rebuild target 'Target 1'
assembling Startup.s...
compiling command_decoder.c...
compiling led.c...
compiling main.c...
compiling servo.c...
compiling string_op.c...
compiling timer_interrupts.c...
compiling uart.c...
linking...
Program Size: Code=2456 RO-data=16 RW-data=0 ZI-data=1288  
FromELF: creating hex file...
".\Wysylanie.axf" - 0 Errors, 0 Warning(s).
Rebuild target 'Target 1'
assembling Startup.s...
compiling command_decoder.c...
compiling led.c...
compiling main.c...
compiling servo.c...
compiling string_op.c...
compiling timer_interrupts.c...
compiling uart.c...
linking...
Program Size: Code=2460 RO-data=16 RW-data=0 ZI-data=1288  
FromELF: creating hex file...
".\Wysylanie.axf" - 0 Errors, 0 Warning(s).
Rebuild target 'Target 1'
assembling Startup.s...
compiling command_decoder.c...
compiling led.c...
compiling main.c...
compiling servo.c...
compiling string_op.c...
compiling timer_interrupts.c...
compiling uart.c...
linking...
Program Size: Code=2460 RO-data=16 RW-data=0 ZI-data=1288  
FromELF: creating hex file...
".\Wysylanie.axf" - 0 Errors, 0 Warning(s).
Rebuild target 'Target 1'
assembling Startup.s...
compiling command_decoder.c...
compiling led.c...
compiling main.c...
compiling servo.c...
compiling string_op.c...
compiling timer_interrupts.c...
compiling uart.c...
linking...
Program Size: Code=2456 RO-data=16 RW-data=0 ZI-data=1288  
FromELF: creating hex file...
".\Wysylanie.axf" - 0 Errors, 0 Warning(s).
Rebuild target 'Target 1'
assembling Startup.s...
compiling command_decoder.c...
compiling led.c...
compiling main.c...
compiling servo.c...
compiling string_op.c...
compiling timer_interrupts.c...
compiling uart.c...
linking...
Program Size: Code=2352 RO-data=16 RW-data=0 ZI-data=1288  
FromELF: creating hex file...
".\Wysylanie.axf" - 0 Errors, 0 Warning(s).
Rebuild target 'Target 1'
assembling Startup.s...
compiling command_decoder.c...
compiling led.c...
compiling main.c...
compiling servo.c...
compiling string_op.c...
compiling timer_interrupts.c...
compiling uart.c...
linking...
Program Size: Code=2444 RO-data=32 RW-data=4 ZI-data=1284  
FromELF: creating hex file...
".\Wysylanie.axf" - 0 Errors, 0 Warning(s).
Rebuild target 'Target 1'
assembling Startup.s...
compiling command_decoder.c...
compiling led.c...
compiling main.c...
C:\Keil\ARM\Inc\Philips\LPC210X.H(179): warning:  #47-D: incompatible redefinition of macro "S0SPCR" (declared at line 198 of "C:\Keil\ARM\Inc\Philips\LPC21xx.H")
C:\Keil\ARM\Inc\Philips\LPC210X.H(181): warning:  #47-D: incompatible redefinition of macro "S0SPDR" (declared at line 200 of "C:\Keil\ARM\Inc\Philips\LPC21xx.H")
string_op.h(2): error:  #101: "DIFFERENT" has already been declared in the current scope
string_op.h(2): error:  #101: "EQUAL" has already been declared in the current scope
string_op.h(2): error:  #256: invalid redeclaration of type name "CompResult" (declared at line 2)
string_op.h(7): error:  #101: "Result" has already been declared in the current scope
string_op.h(7): error:  #101: "OK" has already been declared in the current scope
string_op.h(7): error:  #101: "ERROR" has already been declared in the current scope
compiling servo.c...
compiling string_op.c...
compiling timer_interrupts.c...
compiling uart.c...
".\Wysylanie.axf" - 6 Errors, 2 Warning(s).
Target not created
Rebuild target 'Target 1'
assembling Startup.s...
compiling command_decoder.c...
compiling led.c...
compiling main.c...
compiling servo.c...
compiling string_op.c...
compiling timer_interrupts.c...
compiling uart.c...
linking...
Program Size: Code=2444 RO-data=32 RW-data=4 ZI-data=1284  
FromELF: creating hex file...
".\Wysylanie.axf" - 0 Errors, 0 Warning(s).
Rebuild target 'Target 1'
assembling Startup.s...
compiling command_decoder.c...
compiling led.c...
compiling main.c...
C:\Keil\ARM\Inc\Philips\LPC210X.H(179): warning:  #47-D: incompatible redefinition of macro "S0SPCR" (declared at line 198 of "C:\Keil\ARM\Inc\Philips\LPC21xx.H")
C:\Keil\ARM\Inc\Philips\LPC210X.H(181): warning:  #47-D: incompatible redefinition of macro "S0SPDR" (declared at line 200 of "C:\Keil\ARM\Inc\Philips\LPC21xx.H")
compiling servo.c...
compiling string_op.c...
compiling timer_interrupts.c...
compiling uart.c...
linking...
.\Wysylanie.axf: Error: L6200E: Symbol sTransmiterBuffer multiply defined (by uart.o and main.o).
.\Wysylanie.axf: Error: L6200E: Symbol sRecieverBuffer multiply defined (by uart.o and main.o).
.\Wysylanie.axf: Error: L6200E: Symbol ucCharCounter multiply defined (by uart.o and main.o).
.\Wysylanie.axf: Error: L6200E: Symbol Transmiter_GetCharacterFromBuffer multiply defined (by uart.o and main.o).
.\Wysylanie.axf: Error: L6200E: Symbol Transmiter_SendString multiply defined (by uart.o and main.o).
.\Wysylanie.axf: Error: L6200E: Symbol Transmiter_GetStatus multiply defined (by uart.o and main.o).
.\Wysylanie.axf: Error: L6200E: Symbol UART0_Interrupt multiply defined (by uart.o and main.o).
.\Wysylanie.axf: Error: L6200E: Symbol UART_InitWithInt multiply defined (by uart.o and main.o).
.\Wysylanie.axf: Error: L6200E: Symbol Reciever_PutCharacterToBuffer multiply defined (by uart.o and main.o).
.\Wysylanie.axf: Error: L6200E: Symbol eReciever_GetStatus multiply defined (by uart.o and main.o).
.\Wysylanie.axf: Error: L6200E: Symbol Reciever_GetStringCopy multiply defined (by uart.o and main.o).
".\Wysylanie.axf" - 11 Errors, 2 Warning(s).
Target not created
Rebuild target 'Target 1'
assembling Startup.s...
compiling command_decoder.c...
compiling led.c...
compiling main.c...
compiling servo.c...
compiling string_op.c...
compiling timer_interrupts.c...
compiling uart.c...
linking...
Program Size: Code=2444 RO-data=32 RW-data=4 ZI-data=1284  
FromELF: creating hex file...
".\Wysylanie.axf" - 0 Errors, 0 Warning(s).
Rebuild target 'Target 1'
assembling Startup.s...
compiling command_decoder.c...
compiling led.c...
compiling main.c...
compiling servo.c...
compiling string_op.c...
compiling timer_interrupts.c...
compiling uart.c...
linking...
Program Size: Code=2444 RO-data=32 RW-data=4 ZI-data=1284  
FromELF: creating hex file...
".\Wysylanie.axf" - 0 Errors, 0 Warning(s).
Rebuild target 'Target 1'
assembling Startup.s...
compiling command_decoder.c...
compiling led.c...
compiling main.c...
compiling servo.c...
compiling string_op.c...
compiling timer_interrupts.c...
compiling uart.c...
linking...
Program Size: Code=2444 RO-data=32 RW-data=4 ZI-data=1284  
FromELF: creating hex file...
".\Wysylanie.axf" - 0 Errors, 0 Warning(s).
Clean started: Project: 'Wysylanie'
   deleting intermediate output files for target 'Target 1'
