<html>
<body>
<pre>
<h1>µVision Build Log</h1>
<h2>Project:</h2>
C:\Users\Asus\Desktop\Studia\PPSW\Wysylanie\Current\Wysylanie.uvproj
Project File Date:  06/05/2025

<h2>Output:</h2>
Rebuild target 'Target 1'
assembling Startup.s...
compiling command_decoder.c...
compiling led.c...
compiling main.c...
compiling string_op.c...
compiling timer_interrupts.c...
compiling uart.c...
linking...
Program Size: Code=3692 RO-data=32 RW-data=24 ZI-data=1328  
FromELF: creating hex file...
".\Wysylanie.axf" - 0 Errors, 0 Warning(s).
Rebuild target 'Target 1'
assembling Startup.s...
compiling command_decoder.c...
compiling led.c...
compiling main.c...
compiling string_op.c...
compiling timer_interrupts.c...
compiling uart.c...
linking...
Program Size: Code=3692 RO-data=32 RW-data=24 ZI-data=1328  
FromELF: creating hex file...
".\Wysylanie.axf" - 0 Errors, 0 Warning(s).
Rebuild target 'Target 1'
assembling Startup.s...
compiling command_decoder.c...
compiling led.c...
compiling main.c...
compiling string_op.c...
compiling timer_interrupts.c...
compiling uart.c...
linking...
Program Size: Code=3692 RO-data=32 RW-data=24 ZI-data=1328  
FromELF: creating hex file...
".\Wysylanie.axf" - 0 Errors, 0 Warning(s).
Rebuild target 'Target 1'
assembling Startup.s...
compiling command_decoder.c...
compiling led.c...
compiling main.c...
compiling string_op.c...
compiling timer_interrupts.c...
compiling uart.c...
linking...
Program Size: Code=3680 RO-data=32 RW-data=24 ZI-data=1328  
FromELF: creating hex file...
".\Wysylanie.axf" - 0 Errors, 0 Warning(s).
Rebuild target 'Target 1'
assembling Startup.s...
compiling command_decoder.c...
compiling led.c...
compiling main.c...
compiling string_op.c...
compiling timer_interrupts.c...
compiling uart.c...
linking...
Program Size: Code=3692 RO-data=32 RW-data=24 ZI-data=1328  
FromELF: creating hex file...
".\Wysylanie.axf" - 0 Errors, 0 Warning(s).
Rebuild target 'Target 1'
assembling Startup.s...
compiling command_decoder.c...
compiling led.c...
compiling main.c...
compiling string_op.c...
compiling timer_interrupts.c...
compiling uart.c...
linking...
Program Size: Code=3692 RO-data=32 RW-data=24 ZI-data=1328  
FromELF: creating hex file...
".\Wysylanie.axf" - 0 Errors, 0 Warning(s).
Rebuild target 'Target 1'
assembling Startup.s...
compiling command_decoder.c...
compiling led.c...
compiling main.c...
compiling string_op.c...
compiling timer_interrupts.c...
compiling uart.c...
linking...
Program Size: Code=3692 RO-data=32 RW-data=24 ZI-data=1328  
FromELF: creating hex file...
".\Wysylanie.axf" - 0 Errors, 0 Warning(s).
Rebuild target 'Target 1'
assembling Startup.s...
compiling command_decoder.c...
compiling led.c...
compiling main.c...
compiling string_op.c...
compiling timer_interrupts.c...
compiling uart.c...
linking...
Program Size: Code=3692 RO-data=32 RW-data=24 ZI-data=1328  
FromELF: creating hex file...
".\Wysylanie.axf" - 0 Errors, 0 Warning(s).
Clean started: Project: 'Wysylanie'
   deleting intermediate output files for target 'Target 1'
